Archive member included to satisfy reference by file (symbol)

../src/libMy_library.a(my_lib.c.obj)
                              CMakeFiles/Staz2022_L4_Template.elf.dir/main.c.obj (my_lib_get_value)
c:/gnu_arm_embedded_toolchain/10_2021_10/bin/../lib/gcc/arm-none-eabi/10.3.1/../../../../arm-none-eabi/lib/thumb/v7e-m+fp/hard\libg_nano.a(lib_a-exit.o)
                              c:/gnu_arm_embedded_toolchain/10_2021_10/bin/../lib/gcc/arm-none-eabi/10.3.1/../../../../arm-none-eabi/lib/thumb/v7e-m+fp/hard/crt0.o (exit)
c:/gnu_arm_embedded_toolchain/10_2021_10/bin/../lib/gcc/arm-none-eabi/10.3.1/../../../../arm-none-eabi/lib/thumb/v7e-m+fp/hard\libg_nano.a(lib_a-impure.o)
                              c:/gnu_arm_embedded_toolchain/10_2021_10/bin/../lib/gcc/arm-none-eabi/10.3.1/../../../../arm-none-eabi/lib/thumb/v7e-m+fp/hard\libg_nano.a(lib_a-exit.o) (_global_impure_ptr)
c:/gnu_arm_embedded_toolchain/10_2021_10/bin/../lib/gcc/arm-none-eabi/10.3.1/../../../../arm-none-eabi/lib/thumb/v7e-m+fp/hard\libg_nano.a(lib_a-init.o)
                              c:/gnu_arm_embedded_toolchain/10_2021_10/bin/../lib/gcc/arm-none-eabi/10.3.1/../../../../arm-none-eabi/lib/thumb/v7e-m+fp/hard/crt0.o (__libc_init_array)
c:/gnu_arm_embedded_toolchain/10_2021_10/bin/../lib/gcc/arm-none-eabi/10.3.1/../../../../arm-none-eabi/lib/thumb/v7e-m+fp/hard\libg_nano.a(lib_a-memset.o)
                              c:/gnu_arm_embedded_toolchain/10_2021_10/bin/../lib/gcc/arm-none-eabi/10.3.1/../../../../arm-none-eabi/lib/thumb/v7e-m+fp/hard/crt0.o (memset)
c:/gnu_arm_embedded_toolchain/10_2021_10/bin/../lib/gcc/arm-none-eabi/10.3.1/../../../../arm-none-eabi/lib/thumb/v7e-m+fp/hard\libnosys.a(_exit.o)
                              c:/gnu_arm_embedded_toolchain/10_2021_10/bin/../lib/gcc/arm-none-eabi/10.3.1/../../../../arm-none-eabi/lib/thumb/v7e-m+fp/hard\libg_nano.a(lib_a-exit.o) (_exit)

Discarded input sections

 .text          0x00000000        0x0 c:/gnu_arm_embedded_toolchain/10_2021_10/bin/../lib/gcc/arm-none-eabi/10.3.1/thumb/v7e-m+fp/hard/crti.o
 .data          0x00000000        0x0 c:/gnu_arm_embedded_toolchain/10_2021_10/bin/../lib/gcc/arm-none-eabi/10.3.1/thumb/v7e-m+fp/hard/crti.o
 .bss           0x00000000        0x0 c:/gnu_arm_embedded_toolchain/10_2021_10/bin/../lib/gcc/arm-none-eabi/10.3.1/thumb/v7e-m+fp/hard/crti.o
 .data          0x00000000        0x4 c:/gnu_arm_embedded_toolchain/10_2021_10/bin/../lib/gcc/arm-none-eabi/10.3.1/thumb/v7e-m+fp/hard/crtbegin.o
 .rodata        0x00000000       0x24 c:/gnu_arm_embedded_toolchain/10_2021_10/bin/../lib/gcc/arm-none-eabi/10.3.1/thumb/v7e-m+fp/hard/crtbegin.o
 .text          0x00000000       0x7c c:/gnu_arm_embedded_toolchain/10_2021_10/bin/../lib/gcc/arm-none-eabi/10.3.1/../../../../arm-none-eabi/lib/thumb/v7e-m+fp/hard/crt0.o
 .data          0x00000000        0x0 c:/gnu_arm_embedded_toolchain/10_2021_10/bin/../lib/gcc/arm-none-eabi/10.3.1/../../../../arm-none-eabi/lib/thumb/v7e-m+fp/hard/crt0.o
 .bss           0x00000000        0x0 c:/gnu_arm_embedded_toolchain/10_2021_10/bin/../lib/gcc/arm-none-eabi/10.3.1/../../../../arm-none-eabi/lib/thumb/v7e-m+fp/hard/crt0.o
 .ARM.extab     0x00000000        0x0 c:/gnu_arm_embedded_toolchain/10_2021_10/bin/../lib/gcc/arm-none-eabi/10.3.1/../../../../arm-none-eabi/lib/thumb/v7e-m+fp/hard/crt0.o
 .ARM.exidx     0x00000000       0x10 c:/gnu_arm_embedded_toolchain/10_2021_10/bin/../lib/gcc/arm-none-eabi/10.3.1/../../../../arm-none-eabi/lib/thumb/v7e-m+fp/hard/crt0.o
 .ARM.attributes
                0x00000000       0x1c c:/gnu_arm_embedded_toolchain/10_2021_10/bin/../lib/gcc/arm-none-eabi/10.3.1/../../../../arm-none-eabi/lib/thumb/v7e-m+fp/hard/crt0.o
 .group         0x00000000        0xc CMakeFiles/Staz2022_L4_Template.elf.dir/main.c.obj
 .group         0x00000000        0xc CMakeFiles/Staz2022_L4_Template.elf.dir/main.c.obj
 .group         0x00000000        0xc CMakeFiles/Staz2022_L4_Template.elf.dir/main.c.obj
 .group         0x00000000        0xc CMakeFiles/Staz2022_L4_Template.elf.dir/main.c.obj
 .group         0x00000000        0xc CMakeFiles/Staz2022_L4_Template.elf.dir/main.c.obj
 .group         0x00000000        0xc CMakeFiles/Staz2022_L4_Template.elf.dir/main.c.obj
 .group         0x00000000        0xc CMakeFiles/Staz2022_L4_Template.elf.dir/main.c.obj
 .group         0x00000000        0xc CMakeFiles/Staz2022_L4_Template.elf.dir/main.c.obj
 .group         0x00000000        0xc CMakeFiles/Staz2022_L4_Template.elf.dir/main.c.obj
 .group         0x00000000        0xc CMakeFiles/Staz2022_L4_Template.elf.dir/main.c.obj
 .group         0x00000000        0xc CMakeFiles/Staz2022_L4_Template.elf.dir/main.c.obj
 .group         0x00000000        0xc CMakeFiles/Staz2022_L4_Template.elf.dir/main.c.obj
 .group         0x00000000        0xc CMakeFiles/Staz2022_L4_Template.elf.dir/main.c.obj
 .group         0x00000000        0xc CMakeFiles/Staz2022_L4_Template.elf.dir/main.c.obj
 .group         0x00000000        0xc CMakeFiles/Staz2022_L4_Template.elf.dir/main.c.obj
 .text          0x00000000        0x0 CMakeFiles/Staz2022_L4_Template.elf.dir/main.c.obj
 .data          0x00000000        0x0 CMakeFiles/Staz2022_L4_Template.elf.dir/main.c.obj
 .bss           0x00000000        0x0 CMakeFiles/Staz2022_L4_Template.elf.dir/main.c.obj
 .text          0x00000000       0x14 CMakeFiles/Staz2022_L4_Template.elf.dir/inc/startup/startup_stm32l476xx.s.obj
 .data          0x00000000        0x0 CMakeFiles/Staz2022_L4_Template.elf.dir/inc/startup/startup_stm32l476xx.s.obj
 .bss           0x00000000        0x0 CMakeFiles/Staz2022_L4_Template.elf.dir/inc/startup/startup_stm32l476xx.s.obj
 .group         0x00000000        0xc CMakeFiles/Staz2022_L4_Template.elf.dir/inc/system_stm32l4xx.c.obj
 .group         0x00000000        0xc CMakeFiles/Staz2022_L4_Template.elf.dir/inc/system_stm32l4xx.c.obj
 .group         0x00000000        0xc CMakeFiles/Staz2022_L4_Template.elf.dir/inc/system_stm32l4xx.c.obj
 .group         0x00000000        0xc CMakeFiles/Staz2022_L4_Template.elf.dir/inc/system_stm32l4xx.c.obj
 .group         0x00000000        0xc CMakeFiles/Staz2022_L4_Template.elf.dir/inc/system_stm32l4xx.c.obj
 .group         0x00000000        0xc CMakeFiles/Staz2022_L4_Template.elf.dir/inc/system_stm32l4xx.c.obj
 .group         0x00000000        0xc CMakeFiles/Staz2022_L4_Template.elf.dir/inc/system_stm32l4xx.c.obj
 .group         0x00000000        0xc CMakeFiles/Staz2022_L4_Template.elf.dir/inc/system_stm32l4xx.c.obj
 .group         0x00000000        0xc CMakeFiles/Staz2022_L4_Template.elf.dir/inc/system_stm32l4xx.c.obj
 .group         0x00000000        0xc CMakeFiles/Staz2022_L4_Template.elf.dir/inc/system_stm32l4xx.c.obj
 .group         0x00000000        0xc CMakeFiles/Staz2022_L4_Template.elf.dir/inc/system_stm32l4xx.c.obj
 .group         0x00000000        0xc CMakeFiles/Staz2022_L4_Template.elf.dir/inc/system_stm32l4xx.c.obj
 .group         0x00000000        0xc CMakeFiles/Staz2022_L4_Template.elf.dir/inc/system_stm32l4xx.c.obj
 .group         0x00000000        0xc CMakeFiles/Staz2022_L4_Template.elf.dir/inc/system_stm32l4xx.c.obj
 .group         0x00000000        0xc CMakeFiles/Staz2022_L4_Template.elf.dir/inc/system_stm32l4xx.c.obj
 .text          0x00000000        0x0 CMakeFiles/Staz2022_L4_Template.elf.dir/inc/system_stm32l4xx.c.obj
 .data          0x00000000        0x0 CMakeFiles/Staz2022_L4_Template.elf.dir/inc/system_stm32l4xx.c.obj
 .bss           0x00000000        0x0 CMakeFiles/Staz2022_L4_Template.elf.dir/inc/system_stm32l4xx.c.obj
 .data.SystemCoreClock
                0x00000000        0x4 CMakeFiles/Staz2022_L4_Template.elf.dir/inc/system_stm32l4xx.c.obj
 .rodata.AHBPrescTable
                0x00000000       0x10 CMakeFiles/Staz2022_L4_Template.elf.dir/inc/system_stm32l4xx.c.obj
 .rodata.APBPrescTable
                0x00000000        0x8 CMakeFiles/Staz2022_L4_Template.elf.dir/inc/system_stm32l4xx.c.obj
 .rodata.MSIRangeTable
                0x00000000       0x30 CMakeFiles/Staz2022_L4_Template.elf.dir/inc/system_stm32l4xx.c.obj
 .text.SystemCoreClockUpdate
                0x00000000      0x15c CMakeFiles/Staz2022_L4_Template.elf.dir/inc/system_stm32l4xx.c.obj
 .debug_macro   0x00000000      0xa6c CMakeFiles/Staz2022_L4_Template.elf.dir/inc/system_stm32l4xx.c.obj
 .debug_macro   0x00000000       0x2e CMakeFiles/Staz2022_L4_Template.elf.dir/inc/system_stm32l4xx.c.obj
 .debug_macro   0x00000000       0x28 CMakeFiles/Staz2022_L4_Template.elf.dir/inc/system_stm32l4xx.c.obj
 .debug_macro   0x00000000       0x3b CMakeFiles/Staz2022_L4_Template.elf.dir/inc/system_stm32l4xx.c.obj
 .debug_macro   0x00000000       0x22 CMakeFiles/Staz2022_L4_Template.elf.dir/inc/system_stm32l4xx.c.obj
 .debug_macro   0x00000000       0x8e CMakeFiles/Staz2022_L4_Template.elf.dir/inc/system_stm32l4xx.c.obj
 .debug_macro   0x00000000       0x51 CMakeFiles/Staz2022_L4_Template.elf.dir/inc/system_stm32l4xx.c.obj
 .debug_macro   0x00000000      0x103 CMakeFiles/Staz2022_L4_Template.elf.dir/inc/system_stm32l4xx.c.obj
 .debug_macro   0x00000000       0x6a CMakeFiles/Staz2022_L4_Template.elf.dir/inc/system_stm32l4xx.c.obj
 .debug_macro   0x00000000      0x1df CMakeFiles/Staz2022_L4_Template.elf.dir/inc/system_stm32l4xx.c.obj
 .debug_macro   0x00000000       0x34 CMakeFiles/Staz2022_L4_Template.elf.dir/inc/system_stm32l4xx.c.obj
 .debug_macro   0x00000000       0x26 CMakeFiles/Staz2022_L4_Template.elf.dir/inc/system_stm32l4xx.c.obj
 .debug_macro   0x00000000      0xe43 CMakeFiles/Staz2022_L4_Template.elf.dir/inc/system_stm32l4xx.c.obj
 .debug_macro   0x00000000    0x1a17a CMakeFiles/Staz2022_L4_Template.elf.dir/inc/system_stm32l4xx.c.obj
 .debug_macro   0x00000000       0x6d CMakeFiles/Staz2022_L4_Template.elf.dir/inc/system_stm32l4xx.c.obj
 .group         0x00000000        0xc ../src/libMy_library.a(my_lib.c.obj)
 .group         0x00000000        0xc ../src/libMy_library.a(my_lib.c.obj)
 .group         0x00000000        0xc ../src/libMy_library.a(my_lib.c.obj)
 .group         0x00000000        0xc ../src/libMy_library.a(my_lib.c.obj)
 .group         0x00000000        0xc ../src/libMy_library.a(my_lib.c.obj)
 .group         0x00000000        0xc ../src/libMy_library.a(my_lib.c.obj)
 .group         0x00000000        0xc ../src/libMy_library.a(my_lib.c.obj)
 .text          0x00000000        0x0 ../src/libMy_library.a(my_lib.c.obj)
 .data          0x00000000        0x0 ../src/libMy_library.a(my_lib.c.obj)
 .bss           0x00000000        0x0 ../src/libMy_library.a(my_lib.c.obj)
 .debug_macro   0x00000000       0x22 ../src/libMy_library.a(my_lib.c.obj)
 .debug_macro   0x00000000       0x8e ../src/libMy_library.a(my_lib.c.obj)
 .debug_macro   0x00000000       0x51 ../src/libMy_library.a(my_lib.c.obj)
 .debug_macro   0x00000000      0x103 ../src/libMy_library.a(my_lib.c.obj)
 .debug_macro   0x00000000       0x6a ../src/libMy_library.a(my_lib.c.obj)
 .debug_macro   0x00000000      0x1df ../src/libMy_library.a(my_lib.c.obj)
 .text          0x00000000        0x0 c:/gnu_arm_embedded_toolchain/10_2021_10/bin/../lib/gcc/arm-none-eabi/10.3.1/../../../../arm-none-eabi/lib/thumb/v7e-m+fp/hard\libg_nano.a(lib_a-exit.o)
 .data          0x00000000        0x0 c:/gnu_arm_embedded_toolchain/10_2021_10/bin/../lib/gcc/arm-none-eabi/10.3.1/../../../../arm-none-eabi/lib/thumb/v7e-m+fp/hard\libg_nano.a(lib_a-exit.o)
 .bss           0x00000000        0x0 c:/gnu_arm_embedded_toolchain/10_2021_10/bin/../lib/gcc/arm-none-eabi/10.3.1/../../../../arm-none-eabi/lib/thumb/v7e-m+fp/hard\libg_nano.a(lib_a-exit.o)
 .text.exit     0x00000000       0x28 c:/gnu_arm_embedded_toolchain/10_2021_10/bin/../lib/gcc/arm-none-eabi/10.3.1/../../../../arm-none-eabi/lib/thumb/v7e-m+fp/hard\libg_nano.a(lib_a-exit.o)
 .debug_frame   0x00000000       0x28 c:/gnu_arm_embedded_toolchain/10_2021_10/bin/../lib/gcc/arm-none-eabi/10.3.1/../../../../arm-none-eabi/lib/thumb/v7e-m+fp/hard\libg_nano.a(lib_a-exit.o)
 .ARM.attributes
                0x00000000       0x34 c:/gnu_arm_embedded_toolchain/10_2021_10/bin/../lib/gcc/arm-none-eabi/10.3.1/../../../../arm-none-eabi/lib/thumb/v7e-m+fp/hard\libg_nano.a(lib_a-exit.o)
 .text          0x00000000        0x0 c:/gnu_arm_embedded_toolchain/10_2021_10/bin/../lib/gcc/arm-none-eabi/10.3.1/../../../../arm-none-eabi/lib/thumb/v7e-m+fp/hard\libg_nano.a(lib_a-impure.o)
 .data          0x00000000        0x0 c:/gnu_arm_embedded_toolchain/10_2021_10/bin/../lib/gcc/arm-none-eabi/10.3.1/../../../../arm-none-eabi/lib/thumb/v7e-m+fp/hard\libg_nano.a(lib_a-impure.o)
 .bss           0x00000000        0x0 c:/gnu_arm_embedded_toolchain/10_2021_10/bin/../lib/gcc/arm-none-eabi/10.3.1/../../../../arm-none-eabi/lib/thumb/v7e-m+fp/hard\libg_nano.a(lib_a-impure.o)
 .data._impure_ptr
                0x00000000        0x4 c:/gnu_arm_embedded_toolchain/10_2021_10/bin/../lib/gcc/arm-none-eabi/10.3.1/../../../../arm-none-eabi/lib/thumb/v7e-m+fp/hard\libg_nano.a(lib_a-impure.o)
 .data.impure_data
                0x00000000       0x60 c:/gnu_arm_embedded_toolchain/10_2021_10/bin/../lib/gcc/arm-none-eabi/10.3.1/../../../../arm-none-eabi/lib/thumb/v7e-m+fp/hard\libg_nano.a(lib_a-impure.o)
 .rodata._global_impure_ptr
                0x00000000        0x4 c:/gnu_arm_embedded_toolchain/10_2021_10/bin/../lib/gcc/arm-none-eabi/10.3.1/../../../../arm-none-eabi/lib/thumb/v7e-m+fp/hard\libg_nano.a(lib_a-impure.o)
 .ARM.attributes
                0x00000000       0x34 c:/gnu_arm_embedded_toolchain/10_2021_10/bin/../lib/gcc/arm-none-eabi/10.3.1/../../../../arm-none-eabi/lib/thumb/v7e-m+fp/hard\libg_nano.a(lib_a-impure.o)
 .text          0x00000000        0x0 c:/gnu_arm_embedded_toolchain/10_2021_10/bin/../lib/gcc/arm-none-eabi/10.3.1/../../../../arm-none-eabi/lib/thumb/v7e-m+fp/hard\libg_nano.a(lib_a-init.o)
 .data          0x00000000        0x0 c:/gnu_arm_embedded_toolchain/10_2021_10/bin/../lib/gcc/arm-none-eabi/10.3.1/../../../../arm-none-eabi/lib/thumb/v7e-m+fp/hard\libg_nano.a(lib_a-init.o)
 .bss           0x00000000        0x0 c:/gnu_arm_embedded_toolchain/10_2021_10/bin/../lib/gcc/arm-none-eabi/10.3.1/../../../../arm-none-eabi/lib/thumb/v7e-m+fp/hard\libg_nano.a(lib_a-init.o)
 .text          0x00000000        0x0 c:/gnu_arm_embedded_toolchain/10_2021_10/bin/../lib/gcc/arm-none-eabi/10.3.1/../../../../arm-none-eabi/lib/thumb/v7e-m+fp/hard\libg_nano.a(lib_a-memset.o)
 .data          0x00000000        0x0 c:/gnu_arm_embedded_toolchain/10_2021_10/bin/../lib/gcc/arm-none-eabi/10.3.1/../../../../arm-none-eabi/lib/thumb/v7e-m+fp/hard\libg_nano.a(lib_a-memset.o)
 .bss           0x00000000        0x0 c:/gnu_arm_embedded_toolchain/10_2021_10/bin/../lib/gcc/arm-none-eabi/10.3.1/../../../../arm-none-eabi/lib/thumb/v7e-m+fp/hard\libg_nano.a(lib_a-memset.o)
 .text.memset   0x00000000       0x10 c:/gnu_arm_embedded_toolchain/10_2021_10/bin/../lib/gcc/arm-none-eabi/10.3.1/../../../../arm-none-eabi/lib/thumb/v7e-m+fp/hard\libg_nano.a(lib_a-memset.o)
 .debug_frame   0x00000000       0x20 c:/gnu_arm_embedded_toolchain/10_2021_10/bin/../lib/gcc/arm-none-eabi/10.3.1/../../../../arm-none-eabi/lib/thumb/v7e-m+fp/hard\libg_nano.a(lib_a-memset.o)
 .ARM.attributes
                0x00000000       0x34 c:/gnu_arm_embedded_toolchain/10_2021_10/bin/../lib/gcc/arm-none-eabi/10.3.1/../../../../arm-none-eabi/lib/thumb/v7e-m+fp/hard\libg_nano.a(lib_a-memset.o)
 .text          0x00000000        0x0 c:/gnu_arm_embedded_toolchain/10_2021_10/bin/../lib/gcc/arm-none-eabi/10.3.1/../../../../arm-none-eabi/lib/thumb/v7e-m+fp/hard\libnosys.a(_exit.o)
 .data          0x00000000        0x0 c:/gnu_arm_embedded_toolchain/10_2021_10/bin/../lib/gcc/arm-none-eabi/10.3.1/../../../../arm-none-eabi/lib/thumb/v7e-m+fp/hard\libnosys.a(_exit.o)
 .bss           0x00000000        0x0 c:/gnu_arm_embedded_toolchain/10_2021_10/bin/../lib/gcc/arm-none-eabi/10.3.1/../../../../arm-none-eabi/lib/thumb/v7e-m+fp/hard\libnosys.a(_exit.o)
 .text._exit    0x00000000        0x4 c:/gnu_arm_embedded_toolchain/10_2021_10/bin/../lib/gcc/arm-none-eabi/10.3.1/../../../../arm-none-eabi/lib/thumb/v7e-m+fp/hard\libnosys.a(_exit.o)
 .debug_frame   0x00000000       0x20 c:/gnu_arm_embedded_toolchain/10_2021_10/bin/../lib/gcc/arm-none-eabi/10.3.1/../../../../arm-none-eabi/lib/thumb/v7e-m+fp/hard\libnosys.a(_exit.o)
 .ARM.attributes
                0x00000000       0x34 c:/gnu_arm_embedded_toolchain/10_2021_10/bin/../lib/gcc/arm-none-eabi/10.3.1/../../../../arm-none-eabi/lib/thumb/v7e-m+fp/hard\libnosys.a(_exit.o)
 .text          0x00000000        0x0 c:/gnu_arm_embedded_toolchain/10_2021_10/bin/../lib/gcc/arm-none-eabi/10.3.1/thumb/v7e-m+fp/hard/crtend.o
 .data          0x00000000        0x0 c:/gnu_arm_embedded_toolchain/10_2021_10/bin/../lib/gcc/arm-none-eabi/10.3.1/thumb/v7e-m+fp/hard/crtend.o
 .bss           0x00000000        0x0 c:/gnu_arm_embedded_toolchain/10_2021_10/bin/../lib/gcc/arm-none-eabi/10.3.1/thumb/v7e-m+fp/hard/crtend.o
 .rodata        0x00000000       0x24 c:/gnu_arm_embedded_toolchain/10_2021_10/bin/../lib/gcc/arm-none-eabi/10.3.1/thumb/v7e-m+fp/hard/crtend.o
 .eh_frame      0x00000000        0x4 c:/gnu_arm_embedded_toolchain/10_2021_10/bin/../lib/gcc/arm-none-eabi/10.3.1/thumb/v7e-m+fp/hard/crtend.o
 .ARM.attributes
                0x00000000       0x34 c:/gnu_arm_embedded_toolchain/10_2021_10/bin/../lib/gcc/arm-none-eabi/10.3.1/thumb/v7e-m+fp/hard/crtend.o
 .text          0x00000000        0x0 c:/gnu_arm_embedded_toolchain/10_2021_10/bin/../lib/gcc/arm-none-eabi/10.3.1/thumb/v7e-m+fp/hard/crtn.o
 .data          0x00000000        0x0 c:/gnu_arm_embedded_toolchain/10_2021_10/bin/../lib/gcc/arm-none-eabi/10.3.1/thumb/v7e-m+fp/hard/crtn.o
 .bss           0x00000000        0x0 c:/gnu_arm_embedded_toolchain/10_2021_10/bin/../lib/gcc/arm-none-eabi/10.3.1/thumb/v7e-m+fp/hard/crtn.o

Memory Configuration

Name             Origin             Length             Attributes
FLASH            0x08000000         0x00100000         xr
RAM              0x20000000         0x00018000         xrw
SRAM2            0x10000000         0x00008000         rw
*default*        0x00000000         0xffffffff

Linker script and memory map

LOAD c:/gnu_arm_embedded_toolchain/10_2021_10/bin/../lib/gcc/arm-none-eabi/10.3.1/thumb/v7e-m+fp/hard/crti.o
LOAD c:/gnu_arm_embedded_toolchain/10_2021_10/bin/../lib/gcc/arm-none-eabi/10.3.1/thumb/v7e-m+fp/hard/crtbegin.o
LOAD c:/gnu_arm_embedded_toolchain/10_2021_10/bin/../lib/gcc/arm-none-eabi/10.3.1/../../../../arm-none-eabi/lib/thumb/v7e-m+fp/hard/crt0.o
LOAD CMakeFiles/Staz2022_L4_Template.elf.dir/main.c.obj
LOAD CMakeFiles/Staz2022_L4_Template.elf.dir/inc/startup/startup_stm32l476xx.s.obj
LOAD CMakeFiles/Staz2022_L4_Template.elf.dir/inc/system_stm32l4xx.c.obj
LOAD ../src/libMy_library.a
START GROUP
LOAD c:/gnu_arm_embedded_toolchain/10_2021_10/bin/../lib/gcc/arm-none-eabi/10.3.1/thumb/v7e-m+fp/hard\libgcc.a
LOAD c:/gnu_arm_embedded_toolchain/10_2021_10/bin/../lib/gcc/arm-none-eabi/10.3.1/../../../../arm-none-eabi/lib/thumb/v7e-m+fp/hard\libg_nano.a
LOAD c:/gnu_arm_embedded_toolchain/10_2021_10/bin/../lib/gcc/arm-none-eabi/10.3.1/../../../../arm-none-eabi/lib/thumb/v7e-m+fp/hard\libc_nano.a
END GROUP
START GROUP
LOAD c:/gnu_arm_embedded_toolchain/10_2021_10/bin/../lib/gcc/arm-none-eabi/10.3.1/thumb/v7e-m+fp/hard\libgcc.a
LOAD c:/gnu_arm_embedded_toolchain/10_2021_10/bin/../lib/gcc/arm-none-eabi/10.3.1/../../../../arm-none-eabi/lib/thumb/v7e-m+fp/hard\libc_nano.a
LOAD c:/gnu_arm_embedded_toolchain/10_2021_10/bin/../lib/gcc/arm-none-eabi/10.3.1/../../../../arm-none-eabi/lib/thumb/v7e-m+fp/hard\libnosys.a
END GROUP
START GROUP
LOAD c:/gnu_arm_embedded_toolchain/10_2021_10/bin/../lib/gcc/arm-none-eabi/10.3.1/thumb/v7e-m+fp/hard\libgcc.a
LOAD c:/gnu_arm_embedded_toolchain/10_2021_10/bin/../lib/gcc/arm-none-eabi/10.3.1/../../../../arm-none-eabi/lib/thumb/v7e-m+fp/hard\libc_nano.a
LOAD c:/gnu_arm_embedded_toolchain/10_2021_10/bin/../lib/gcc/arm-none-eabi/10.3.1/../../../../arm-none-eabi/lib/thumb/v7e-m+fp/hard\libnosys.a
END GROUP
LOAD c:/gnu_arm_embedded_toolchain/10_2021_10/bin/../lib/gcc/arm-none-eabi/10.3.1/thumb/v7e-m+fp/hard/crtend.o
LOAD c:/gnu_arm_embedded_toolchain/10_2021_10/bin/../lib/gcc/arm-none-eabi/10.3.1/thumb/v7e-m+fp/hard/crtn.o
                0x20018000                _estack = 0x20018000
                0x00000200                _Min_Heap_Size = 0x200
                0x00000400                _Min_Stack_Size = 0x400

.isr_vector     0x08000000      0x188
                0x08000000                . = ALIGN (0x8)
 *(.isr_vector)
 .isr_vector    0x08000000      0x188 CMakeFiles/Staz2022_L4_Template.elf.dir/inc/startup/startup_stm32l476xx.s.obj
                0x08000000                g_pfnVectors
                0x08000188                . = ALIGN (0x8)

.text           0x08000188      0x138
                0x08000188                . = ALIGN (0x8)
 *(.text)
 .text          0x08000188       0x40 c:/gnu_arm_embedded_toolchain/10_2021_10/bin/../lib/gcc/arm-none-eabi/10.3.1/thumb/v7e-m+fp/hard/crtbegin.o
 *(.text*)
 .text.main     0x080001c8        0xe CMakeFiles/Staz2022_L4_Template.elf.dir/main.c.obj
                0x080001c8                main
 *fill*         0x080001d6        0x2 
 .text.Reset_Handler
                0x080001d8       0x50 CMakeFiles/Staz2022_L4_Template.elf.dir/inc/startup/startup_stm32l476xx.s.obj
                0x080001d8                Reset_Handler
 .text.Default_Handler
                0x08000228        0x2 CMakeFiles/Staz2022_L4_Template.elf.dir/inc/startup/startup_stm32l476xx.s.obj
                0x08000228                RTC_Alarm_IRQHandler
                0x08000228                EXTI2_IRQHandler
                0x08000228                TIM8_TRG_COM_IRQHandler
                0x08000228                TIM8_CC_IRQHandler
                0x08000228                DebugMon_Handler
                0x08000228                TIM1_CC_IRQHandler
                0x08000228                TSC_IRQHandler
                0x08000228                HardFault_Handler
                0x08000228                SysTick_Handler
                0x08000228                TAMP_STAMP_IRQHandler
                0x08000228                PendSV_Handler
                0x08000228                NMI_Handler
                0x08000228                EXTI3_IRQHandler
                0x08000228                LPTIM2_IRQHandler
                0x08000228                DFSDM1_FLT1_IRQHandler
                0x08000228                I2C3_ER_IRQHandler
                0x08000228                DFSDM1_FLT2_IRQHandler
                0x08000228                EXTI0_IRQHandler
                0x08000228                I2C2_EV_IRQHandler
                0x08000228                CAN1_RX0_IRQHandler
                0x08000228                FPU_IRQHandler
                0x08000228                TIM1_UP_TIM16_IRQHandler
                0x08000228                UsageFault_Handler
                0x08000228                ADC1_2_IRQHandler
                0x08000228                SPI1_IRQHandler
                0x08000228                TIM6_DAC_IRQHandler
                0x08000228                TIM8_UP_IRQHandler
                0x08000228                DMA2_Channel2_IRQHandler
                0x08000228                DMA1_Channel4_IRQHandler
                0x08000228                SAI2_IRQHandler
                0x08000228                DFSDM1_FLT3_IRQHandler
                0x08000228                USART3_IRQHandler
                0x08000228                DMA1_Channel7_IRQHandler
                0x08000228                CAN1_RX1_IRQHandler
                0x08000228                LCD_IRQHandler
                0x08000228                UART5_IRQHandler
                0x08000228                ADC3_IRQHandler
                0x08000228                TIM4_IRQHandler
                0x08000228                DMA2_Channel1_IRQHandler
                0x08000228                QUADSPI_IRQHandler
                0x08000228                I2C1_EV_IRQHandler
                0x08000228                DMA1_Channel6_IRQHandler
                0x08000228                UART4_IRQHandler
                0x08000228                DMA2_Channel4_IRQHandler
                0x08000228                TIM3_IRQHandler
                0x08000228                RCC_IRQHandler
                0x08000228                DMA1_Channel1_IRQHandler
                0x08000228                Default_Handler
                0x08000228                DMA2_Channel7_IRQHandler
                0x08000228                EXTI15_10_IRQHandler
                0x08000228                TIM7_IRQHandler
                0x08000228                SDMMC1_IRQHandler
                0x08000228                TIM5_IRQHandler
                0x08000228                I2C3_EV_IRQHandler
                0x08000228                EXTI9_5_IRQHandler
                0x08000228                RTC_WKUP_IRQHandler
                0x08000228                PVD_PVM_IRQHandler
                0x08000228                SPI2_IRQHandler
                0x08000228                MemManage_Handler
                0x08000228                CAN1_TX_IRQHandler
                0x08000228                SVC_Handler
                0x08000228                DMA2_Channel5_IRQHandler
                0x08000228                DMA1_Channel5_IRQHandler
                0x08000228                EXTI4_IRQHandler
                0x08000228                RNG_IRQHandler
                0x08000228                TIM1_TRG_COM_TIM17_IRQHandler
                0x08000228                DMA1_Channel3_IRQHandler
                0x08000228                COMP_IRQHandler
                0x08000228                WWDG_IRQHandler
                0x08000228                LPUART1_IRQHandler
                0x08000228                DMA2_Channel6_IRQHandler
                0x08000228                TIM2_IRQHandler
                0x08000228                EXTI1_IRQHandler
                0x08000228                USART2_IRQHandler
                0x08000228                DFSDM1_FLT0_IRQHandler
                0x08000228                I2C2_ER_IRQHandler
                0x08000228                DMA1_Channel2_IRQHandler
                0x08000228                TIM8_BRK_IRQHandler
                0x08000228                CAN1_SCE_IRQHandler
                0x08000228                FLASH_IRQHandler
                0x08000228                BusFault_Handler
                0x08000228                USART1_IRQHandler
                0x08000228                OTG_FS_IRQHandler
                0x08000228                SPI3_IRQHandler
                0x08000228                I2C1_ER_IRQHandler
                0x08000228                FMC_IRQHandler
                0x08000228                SWPMI1_IRQHandler
                0x08000228                LPTIM1_IRQHandler
                0x08000228                SAI1_IRQHandler
                0x08000228                DMA2_Channel3_IRQHandler
                0x08000228                TIM1_BRK_TIM15_IRQHandler
 *fill*         0x0800022a        0x2 
 .text.SystemInit
                0x0800022c       0x24 CMakeFiles/Staz2022_L4_Template.elf.dir/inc/system_stm32l4xx.c.obj
                0x0800022c                SystemInit
 .text.my_lib_get_value
                0x08000250       0x10 ../src/libMy_library.a(my_lib.c.obj)
                0x08000250                my_lib_get_value
 .text.__libc_init_array
                0x08000260       0x48 c:/gnu_arm_embedded_toolchain/10_2021_10/bin/../lib/gcc/arm-none-eabi/10.3.1/../../../../arm-none-eabi/lib/thumb/v7e-m+fp/hard\libg_nano.a(lib_a-init.o)
                0x08000260                __libc_init_array
 *(.glue_7)
 .glue_7        0x080002a8        0x0 linker stubs
 *(.glue_7t)
 .glue_7t       0x080002a8        0x0 linker stubs
 *(.eh_frame)
 .eh_frame      0x080002a8        0x0 c:/gnu_arm_embedded_toolchain/10_2021_10/bin/../lib/gcc/arm-none-eabi/10.3.1/thumb/v7e-m+fp/hard/crtbegin.o
 *(.init)
 .init          0x080002a8        0x4 c:/gnu_arm_embedded_toolchain/10_2021_10/bin/../lib/gcc/arm-none-eabi/10.3.1/thumb/v7e-m+fp/hard/crti.o
                0x080002a8                _init
 .init          0x080002ac        0x8 c:/gnu_arm_embedded_toolchain/10_2021_10/bin/../lib/gcc/arm-none-eabi/10.3.1/thumb/v7e-m+fp/hard/crtn.o
 *(.fini)
 .fini          0x080002b4        0x4 c:/gnu_arm_embedded_toolchain/10_2021_10/bin/../lib/gcc/arm-none-eabi/10.3.1/thumb/v7e-m+fp/hard/crti.o
                0x080002b4                _fini
 .fini          0x080002b8        0x8 c:/gnu_arm_embedded_toolchain/10_2021_10/bin/../lib/gcc/arm-none-eabi/10.3.1/thumb/v7e-m+fp/hard/crtn.o
                0x080002c0                . = ALIGN (0x8)
                0x080002c0                _etext = .

.vfp11_veneer   0x080002c0        0x0
 .vfp11_veneer  0x080002c0        0x0 linker stubs

.v4_bx          0x080002c0        0x0
 .v4_bx         0x080002c0        0x0 linker stubs

.iplt           0x080002c0        0x0
 .iplt          0x080002c0        0x0 c:/gnu_arm_embedded_toolchain/10_2021_10/bin/../lib/gcc/arm-none-eabi/10.3.1/thumb/v7e-m+fp/hard/crtbegin.o

.rel.dyn        0x080002c0        0x0
 .rel.iplt      0x080002c0        0x0 c:/gnu_arm_embedded_toolchain/10_2021_10/bin/../lib/gcc/arm-none-eabi/10.3.1/thumb/v7e-m+fp/hard/crtbegin.o

.rodata         0x080002c0        0x0
                0x080002c0                . = ALIGN (0x8)
 *(.rodata)
 *(.rodata*)
                0x080002c0                . = ALIGN (0x8)

.ARM.extab      0x080002c0        0x0
                0x080002c0                . = ALIGN (0x8)
 *(.ARM.extab* .gnu.linkonce.armextab.*)
                0x080002c0                . = ALIGN (0x8)

.ARM            0x080002c0        0x0
                0x080002c0                . = ALIGN (0x8)
                0x080002c0                __exidx_start = .
 *(.ARM.exidx*)
                0x080002c0                __exidx_end = .
                0x080002c0                . = ALIGN (0x8)

.preinit_array  0x080002c0        0x0
                0x080002c0                . = ALIGN (0x8)
                0x080002c0                PROVIDE (__preinit_array_start = .)
 *(.preinit_array*)
                0x080002c0                PROVIDE (__preinit_array_end = .)
                0x080002c0                . = ALIGN (0x8)

.init_array     0x080002c0        0x8
                0x080002c0                . = ALIGN (0x8)
                0x080002c0                PROVIDE (__init_array_start = .)
 *(SORT_BY_NAME(.init_array.*))
 *(.init_array*)
 .init_array    0x080002c0        0x4 c:/gnu_arm_embedded_toolchain/10_2021_10/bin/../lib/gcc/arm-none-eabi/10.3.1/thumb/v7e-m+fp/hard/crtbegin.o
                0x080002c4                PROVIDE (__init_array_end = .)
                0x080002c8                . = ALIGN (0x8)
 *fill*         0x080002c4        0x4 

.fini_array     0x080002c8        0x8
                0x080002c8                . = ALIGN (0x8)
                [!provide]                PROVIDE (__fini_array_start = .)
 *(SORT_BY_NAME(.fini_array.*))
 *(.fini_array*)
 .fini_array    0x080002c8        0x4 c:/gnu_arm_embedded_toolchain/10_2021_10/bin/../lib/gcc/arm-none-eabi/10.3.1/thumb/v7e-m+fp/hard/crtbegin.o
                [!provide]                PROVIDE (__fini_array_end = .)
                0x080002d0                . = ALIGN (0x8)
 *fill*         0x080002cc        0x4 
                0x080002d0                _sidata = LOADADDR (.data)

.data           0x20000000        0x0 load address 0x080002d0
                0x20000000                . = ALIGN (0x8)
                0x20000000                _sdata = .
 *(.data)
 *(.data*)
                0x20000000                . = ALIGN (0x8)
                0x20000000                _edata = .
                0x080002d0                _sisram2 = LOADADDR (.sram2)

.igot.plt       0x20000000        0x0 load address 0x080002d0
 .igot.plt      0x20000000        0x0 c:/gnu_arm_embedded_toolchain/10_2021_10/bin/../lib/gcc/arm-none-eabi/10.3.1/thumb/v7e-m+fp/hard/crtbegin.o

.sram2          0x10000000        0x0 load address 0x080002d0
                0x10000000                . = ALIGN (0x8)
                0x10000000                _ssram2 = .
 *(.sram2)
 *(.sram2*)
                0x10000000                . = ALIGN (0x8)
                0x10000000                _esram2 = .
                0x10000000                . = ALIGN (0x4)

.bss            0x20000000       0x1c
                0x20000000                _sbss = .
                0x20000000                __bss_start__ = _sbss
 *(.bss)
 .bss           0x20000000       0x1c c:/gnu_arm_embedded_toolchain/10_2021_10/bin/../lib/gcc/arm-none-eabi/10.3.1/thumb/v7e-m+fp/hard/crtbegin.o
 *(.bss*)
 *(COMMON)
                0x2000001c                . = ALIGN (0x4)
                0x2000001c                _ebss = .
                0x2000001c                __bss_end__ = _ebss

._user_heap_stack
                0x2000001c      0x604
                0x20000020                . = ALIGN (0x8)
 *fill*         0x2000001c        0x4 
                [!provide]                PROVIDE (end = .)
                [!provide]                PROVIDE (_end = .)
                0x20000220                . = (. + _Min_Heap_Size)
 *fill*         0x20000020      0x200 
                0x20000620                . = (. + _Min_Stack_Size)
 *fill*         0x20000220      0x400 
                0x20000620                . = ALIGN (0x8)

/DISCARD/
 libc.a(*)
 libm.a(*)
 libgcc.a(*)

.ARM.attributes
                0x00000000       0x30
 *(.ARM.attributes)
 .ARM.attributes
                0x00000000       0x1e c:/gnu_arm_embedded_toolchain/10_2021_10/bin/../lib/gcc/arm-none-eabi/10.3.1/thumb/v7e-m+fp/hard/crti.o
 .ARM.attributes
                0x0000001e       0x34 c:/gnu_arm_embedded_toolchain/10_2021_10/bin/../lib/gcc/arm-none-eabi/10.3.1/thumb/v7e-m+fp/hard/crtbegin.o
 .ARM.attributes
                0x00000052       0x34 CMakeFiles/Staz2022_L4_Template.elf.dir/main.c.obj
 .ARM.attributes
                0x00000086       0x21 CMakeFiles/Staz2022_L4_Template.elf.dir/inc/startup/startup_stm32l476xx.s.obj
 .ARM.attributes
                0x000000a7       0x34 CMakeFiles/Staz2022_L4_Template.elf.dir/inc/system_stm32l4xx.c.obj
 .ARM.attributes
                0x000000db       0x34 ../src/libMy_library.a(my_lib.c.obj)
 .ARM.attributes
                0x0000010f       0x34 c:/gnu_arm_embedded_toolchain/10_2021_10/bin/../lib/gcc/arm-none-eabi/10.3.1/../../../../arm-none-eabi/lib/thumb/v7e-m+fp/hard\libg_nano.a(lib_a-init.o)
 .ARM.attributes
                0x00000143       0x1e c:/gnu_arm_embedded_toolchain/10_2021_10/bin/../lib/gcc/arm-none-eabi/10.3.1/thumb/v7e-m+fp/hard/crtn.o
OUTPUT(Staz2022_L4_Template.elf elf32-littlearm)
LOAD linker stubs
LOAD c:/gnu_arm_embedded_toolchain/10_2021_10/bin/../lib/gcc/arm-none-eabi/10.3.1/../../../../arm-none-eabi/lib/thumb/v7e-m+fp/hard\libc.a
LOAD c:/gnu_arm_embedded_toolchain/10_2021_10/bin/../lib/gcc/arm-none-eabi/10.3.1/../../../../arm-none-eabi/lib/thumb/v7e-m+fp/hard\libm.a
LOAD c:/gnu_arm_embedded_toolchain/10_2021_10/bin/../lib/gcc/arm-none-eabi/10.3.1/thumb/v7e-m+fp/hard\libgcc.a

.debug_info     0x00000000      0x7d1
 .debug_info    0x00000000       0xb6 CMakeFiles/Staz2022_L4_Template.elf.dir/main.c.obj
 .debug_info    0x000000b6       0x22 CMakeFiles/Staz2022_L4_Template.elf.dir/inc/startup/startup_stm32l476xx.s.obj
 .debug_info    0x000000d8      0x652 CMakeFiles/Staz2022_L4_Template.elf.dir/inc/system_stm32l4xx.c.obj
 .debug_info    0x0000072a       0xa7 ../src/libMy_library.a(my_lib.c.obj)

.debug_abbrev   0x00000000      0x1ed
 .debug_abbrev  0x00000000       0x69 CMakeFiles/Staz2022_L4_Template.elf.dir/main.c.obj
 .debug_abbrev  0x00000069       0x12 CMakeFiles/Staz2022_L4_Template.elf.dir/inc/startup/startup_stm32l476xx.s.obj
 .debug_abbrev  0x0000007b      0x118 CMakeFiles/Staz2022_L4_Template.elf.dir/inc/system_stm32l4xx.c.obj
 .debug_abbrev  0x00000193       0x5a ../src/libMy_library.a(my_lib.c.obj)

.debug_loc      0x00000000      0x11c
 .debug_loc     0x00000000       0x38 CMakeFiles/Staz2022_L4_Template.elf.dir/main.c.obj
 .debug_loc     0x00000038       0xa0 CMakeFiles/Staz2022_L4_Template.elf.dir/inc/system_stm32l4xx.c.obj
 .debug_loc     0x000000d8       0x44 ../src/libMy_library.a(my_lib.c.obj)

.debug_aranges  0x00000000       0x90
 .debug_aranges
                0x00000000       0x20 CMakeFiles/Staz2022_L4_Template.elf.dir/main.c.obj
 .debug_aranges
                0x00000020       0x28 CMakeFiles/Staz2022_L4_Template.elf.dir/inc/startup/startup_stm32l476xx.s.obj
 .debug_aranges
                0x00000048       0x28 CMakeFiles/Staz2022_L4_Template.elf.dir/inc/system_stm32l4xx.c.obj
 .debug_aranges
                0x00000070       0x20 ../src/libMy_library.a(my_lib.c.obj)

.debug_ranges   0x00000000       0x58
 .debug_ranges  0x00000000       0x10 CMakeFiles/Staz2022_L4_Template.elf.dir/main.c.obj
 .debug_ranges  0x00000010       0x20 CMakeFiles/Staz2022_L4_Template.elf.dir/inc/startup/startup_stm32l476xx.s.obj
 .debug_ranges  0x00000030       0x18 CMakeFiles/Staz2022_L4_Template.elf.dir/inc/system_stm32l4xx.c.obj
 .debug_ranges  0x00000048       0x10 ../src/libMy_library.a(my_lib.c.obj)

.debug_macro    0x00000000    0x1cc31
 .debug_macro   0x00000000       0xc4 CMakeFiles/Staz2022_L4_Template.elf.dir/main.c.obj
 .debug_macro   0x000000c4      0xa6c CMakeFiles/Staz2022_L4_Template.elf.dir/main.c.obj
 .debug_macro   0x00000b30       0x2e CMakeFiles/Staz2022_L4_Template.elf.dir/main.c.obj
 .debug_macro   0x00000b5e       0x28 CMakeFiles/Staz2022_L4_Template.elf.dir/main.c.obj
 .debug_macro   0x00000b86       0x3b CMakeFiles/Staz2022_L4_Template.elf.dir/main.c.obj
 .debug_macro   0x00000bc1       0x22 CMakeFiles/Staz2022_L4_Template.elf.dir/main.c.obj
 .debug_macro   0x00000be3       0x8e CMakeFiles/Staz2022_L4_Template.elf.dir/main.c.obj
 .debug_macro   0x00000c71       0x51 CMakeFiles/Staz2022_L4_Template.elf.dir/main.c.obj
 .debug_macro   0x00000cc2      0x103 CMakeFiles/Staz2022_L4_Template.elf.dir/main.c.obj
 .debug_macro   0x00000dc5       0x6a CMakeFiles/Staz2022_L4_Template.elf.dir/main.c.obj
 .debug_macro   0x00000e2f      0x1df CMakeFiles/Staz2022_L4_Template.elf.dir/main.c.obj
 .debug_macro   0x0000100e       0x34 CMakeFiles/Staz2022_L4_Template.elf.dir/main.c.obj
 .debug_macro   0x00001042       0x26 CMakeFiles/Staz2022_L4_Template.elf.dir/main.c.obj
 .debug_macro   0x00001068      0xe43 CMakeFiles/Staz2022_L4_Template.elf.dir/main.c.obj
 .debug_macro   0x00001eab    0x1a17a CMakeFiles/Staz2022_L4_Template.elf.dir/main.c.obj
 .debug_macro   0x0001c025       0x6d CMakeFiles/Staz2022_L4_Template.elf.dir/main.c.obj
 .debug_macro   0x0001c092       0xcc CMakeFiles/Staz2022_L4_Template.elf.dir/inc/system_stm32l4xx.c.obj
 .debug_macro   0x0001c15e       0x6d ../src/libMy_library.a(my_lib.c.obj)
 .debug_macro   0x0001c1cb      0xa66 ../src/libMy_library.a(my_lib.c.obj)

.debug_line     0x00000000      0x8d6
 .debug_line    0x00000000      0x2e2 CMakeFiles/Staz2022_L4_Template.elf.dir/main.c.obj
 .debug_line    0x000002e2       0xa2 CMakeFiles/Staz2022_L4_Template.elf.dir/inc/startup/startup_stm32l476xx.s.obj
 .debug_line    0x00000384      0x368 CMakeFiles/Staz2022_L4_Template.elf.dir/inc/system_stm32l4xx.c.obj
 .debug_line    0x000006ec      0x1ea ../src/libMy_library.a(my_lib.c.obj)

.debug_str      0x00000000    0x9cd96
 .debug_str     0x00000000    0x9c978 CMakeFiles/Staz2022_L4_Template.elf.dir/main.c.obj
                              0x9cb0c (size before relaxing)
 .debug_str     0x0009c978       0x50 CMakeFiles/Staz2022_L4_Template.elf.dir/inc/startup/startup_stm32l476xx.s.obj
                                 0x76 (size before relaxing)
 .debug_str     0x0009c9c8      0x292 CMakeFiles/Staz2022_L4_Template.elf.dir/inc/system_stm32l4xx.c.obj
                              0x9cd6e (size before relaxing)
 .debug_str     0x0009cc5a      0x13c ../src/libMy_library.a(my_lib.c.obj)
                               0x3c1f (size before relaxing)

.comment        0x00000000       0x49
 .comment       0x00000000       0x49 CMakeFiles/Staz2022_L4_Template.elf.dir/main.c.obj
                                 0x4a (size before relaxing)
 .comment       0x00000049       0x4a CMakeFiles/Staz2022_L4_Template.elf.dir/inc/system_stm32l4xx.c.obj
 .comment       0x00000049       0x4a ../src/libMy_library.a(my_lib.c.obj)

.debug_frame    0x00000000       0xe4
 .debug_frame   0x00000000       0x30 CMakeFiles/Staz2022_L4_Template.elf.dir/main.c.obj
 .debug_frame   0x00000030       0x58 CMakeFiles/Staz2022_L4_Template.elf.dir/inc/system_stm32l4xx.c.obj
 .debug_frame   0x00000088       0x30 ../src/libMy_library.a(my_lib.c.obj)
 .debug_frame   0x000000b8       0x2c c:/gnu_arm_embedded_toolchain/10_2021_10/bin/../lib/gcc/arm-none-eabi/10.3.1/../../../../arm-none-eabi/lib/thumb/v7e-m+fp/hard\libg_nano.a(lib_a-init.o)

Cross Reference Table

Symbol                                            File
ADC1_2_IRQHandler                                 CMakeFiles/Staz2022_L4_Template.elf.dir/inc/startup/startup_stm32l476xx.s.obj
ADC3_IRQHandler                                   CMakeFiles/Staz2022_L4_Template.elf.dir/inc/startup/startup_stm32l476xx.s.obj
AHBPrescTable                                     CMakeFiles/Staz2022_L4_Template.elf.dir/inc/system_stm32l4xx.c.obj
APBPrescTable                                     CMakeFiles/Staz2022_L4_Template.elf.dir/inc/system_stm32l4xx.c.obj
BusFault_Handler                                  CMakeFiles/Staz2022_L4_Template.elf.dir/inc/startup/startup_stm32l476xx.s.obj
CAN1_RX0_IRQHandler                               CMakeFiles/Staz2022_L4_Template.elf.dir/inc/startup/startup_stm32l476xx.s.obj
CAN1_RX1_IRQHandler                               CMakeFiles/Staz2022_L4_Template.elf.dir/inc/startup/startup_stm32l476xx.s.obj
CAN1_SCE_IRQHandler                               CMakeFiles/Staz2022_L4_Template.elf.dir/inc/startup/startup_stm32l476xx.s.obj
CAN1_TX_IRQHandler                                CMakeFiles/Staz2022_L4_Template.elf.dir/inc/startup/startup_stm32l476xx.s.obj
COMP_IRQHandler                                   CMakeFiles/Staz2022_L4_Template.elf.dir/inc/startup/startup_stm32l476xx.s.obj
DFSDM1_FLT0_IRQHandler                            CMakeFiles/Staz2022_L4_Template.elf.dir/inc/startup/startup_stm32l476xx.s.obj
DFSDM1_FLT1_IRQHandler                            CMakeFiles/Staz2022_L4_Template.elf.dir/inc/startup/startup_stm32l476xx.s.obj
DFSDM1_FLT2_IRQHandler                            CMakeFiles/Staz2022_L4_Template.elf.dir/inc/startup/startup_stm32l476xx.s.obj
DFSDM1_FLT3_IRQHandler                            CMakeFiles/Staz2022_L4_Template.elf.dir/inc/startup/startup_stm32l476xx.s.obj
DMA1_Channel1_IRQHandler                          CMakeFiles/Staz2022_L4_Template.elf.dir/inc/startup/startup_stm32l476xx.s.obj
DMA1_Channel2_IRQHandler                          CMakeFiles/Staz2022_L4_Template.elf.dir/inc/startup/startup_stm32l476xx.s.obj
DMA1_Channel3_IRQHandler                          CMakeFiles/Staz2022_L4_Template.elf.dir/inc/startup/startup_stm32l476xx.s.obj
DMA1_Channel4_IRQHandler                          CMakeFiles/Staz2022_L4_Template.elf.dir/inc/startup/startup_stm32l476xx.s.obj
DMA1_Channel5_IRQHandler                          CMakeFiles/Staz2022_L4_Template.elf.dir/inc/startup/startup_stm32l476xx.s.obj
DMA1_Channel6_IRQHandler                          CMakeFiles/Staz2022_L4_Template.elf.dir/inc/startup/startup_stm32l476xx.s.obj
DMA1_Channel7_IRQHandler                          CMakeFiles/Staz2022_L4_Template.elf.dir/inc/startup/startup_stm32l476xx.s.obj
DMA2_Channel1_IRQHandler                          CMakeFiles/Staz2022_L4_Template.elf.dir/inc/startup/startup_stm32l476xx.s.obj
DMA2_Channel2_IRQHandler                          CMakeFiles/Staz2022_L4_Template.elf.dir/inc/startup/startup_stm32l476xx.s.obj
DMA2_Channel3_IRQHandler                          CMakeFiles/Staz2022_L4_Template.elf.dir/inc/startup/startup_stm32l476xx.s.obj
DMA2_Channel4_IRQHandler                          CMakeFiles/Staz2022_L4_Template.elf.dir/inc/startup/startup_stm32l476xx.s.obj
DMA2_Channel5_IRQHandler                          CMakeFiles/Staz2022_L4_Template.elf.dir/inc/startup/startup_stm32l476xx.s.obj
DMA2_Channel6_IRQHandler                          CMakeFiles/Staz2022_L4_Template.elf.dir/inc/startup/startup_stm32l476xx.s.obj
DMA2_Channel7_IRQHandler                          CMakeFiles/Staz2022_L4_Template.elf.dir/inc/startup/startup_stm32l476xx.s.obj
DebugMon_Handler                                  CMakeFiles/Staz2022_L4_Template.elf.dir/inc/startup/startup_stm32l476xx.s.obj
Default_Handler                                   CMakeFiles/Staz2022_L4_Template.elf.dir/inc/startup/startup_stm32l476xx.s.obj
EXTI0_IRQHandler                                  CMakeFiles/Staz2022_L4_Template.elf.dir/inc/startup/startup_stm32l476xx.s.obj
EXTI15_10_IRQHandler                              CMakeFiles/Staz2022_L4_Template.elf.dir/inc/startup/startup_stm32l476xx.s.obj
EXTI1_IRQHandler                                  CMakeFiles/Staz2022_L4_Template.elf.dir/inc/startup/startup_stm32l476xx.s.obj
EXTI2_IRQHandler                                  CMakeFiles/Staz2022_L4_Template.elf.dir/inc/startup/startup_stm32l476xx.s.obj
EXTI3_IRQHandler                                  CMakeFiles/Staz2022_L4_Template.elf.dir/inc/startup/startup_stm32l476xx.s.obj
EXTI4_IRQHandler                                  CMakeFiles/Staz2022_L4_Template.elf.dir/inc/startup/startup_stm32l476xx.s.obj
EXTI9_5_IRQHandler                                CMakeFiles/Staz2022_L4_Template.elf.dir/inc/startup/startup_stm32l476xx.s.obj
FLASH_IRQHandler                                  CMakeFiles/Staz2022_L4_Template.elf.dir/inc/startup/startup_stm32l476xx.s.obj
FMC_IRQHandler                                    CMakeFiles/Staz2022_L4_Template.elf.dir/inc/startup/startup_stm32l476xx.s.obj
FPU_IRQHandler                                    CMakeFiles/Staz2022_L4_Template.elf.dir/inc/startup/startup_stm32l476xx.s.obj
HardFault_Handler                                 CMakeFiles/Staz2022_L4_Template.elf.dir/inc/startup/startup_stm32l476xx.s.obj
I2C1_ER_IRQHandler                                CMakeFiles/Staz2022_L4_Template.elf.dir/inc/startup/startup_stm32l476xx.s.obj
I2C1_EV_IRQHandler                                CMakeFiles/Staz2022_L4_Template.elf.dir/inc/startup/startup_stm32l476xx.s.obj
I2C2_ER_IRQHandler                                CMakeFiles/Staz2022_L4_Template.elf.dir/inc/startup/startup_stm32l476xx.s.obj
I2C2_EV_IRQHandler                                CMakeFiles/Staz2022_L4_Template.elf.dir/inc/startup/startup_stm32l476xx.s.obj
I2C3_ER_IRQHandler                                CMakeFiles/Staz2022_L4_Template.elf.dir/inc/startup/startup_stm32l476xx.s.obj
I2C3_EV_IRQHandler                                CMakeFiles/Staz2022_L4_Template.elf.dir/inc/startup/startup_stm32l476xx.s.obj
LCD_IRQHandler                                    CMakeFiles/Staz2022_L4_Template.elf.dir/inc/startup/startup_stm32l476xx.s.obj
LPTIM1_IRQHandler                                 CMakeFiles/Staz2022_L4_Template.elf.dir/inc/startup/startup_stm32l476xx.s.obj
LPTIM2_IRQHandler                                 CMakeFiles/Staz2022_L4_Template.elf.dir/inc/startup/startup_stm32l476xx.s.obj
LPUART1_IRQHandler                                CMakeFiles/Staz2022_L4_Template.elf.dir/inc/startup/startup_stm32l476xx.s.obj
MSIRangeTable                                     CMakeFiles/Staz2022_L4_Template.elf.dir/inc/system_stm32l4xx.c.obj
MemManage_Handler                                 CMakeFiles/Staz2022_L4_Template.elf.dir/inc/startup/startup_stm32l476xx.s.obj
NMI_Handler                                       CMakeFiles/Staz2022_L4_Template.elf.dir/inc/startup/startup_stm32l476xx.s.obj
OTG_FS_IRQHandler                                 CMakeFiles/Staz2022_L4_Template.elf.dir/inc/startup/startup_stm32l476xx.s.obj
PVD_PVM_IRQHandler                                CMakeFiles/Staz2022_L4_Template.elf.dir/inc/startup/startup_stm32l476xx.s.obj
PendSV_Handler                                    CMakeFiles/Staz2022_L4_Template.elf.dir/inc/startup/startup_stm32l476xx.s.obj
QUADSPI_IRQHandler                                CMakeFiles/Staz2022_L4_Template.elf.dir/inc/startup/startup_stm32l476xx.s.obj
RCC_IRQHandler                                    CMakeFiles/Staz2022_L4_Template.elf.dir/inc/startup/startup_stm32l476xx.s.obj
RNG_IRQHandler                                    CMakeFiles/Staz2022_L4_Template.elf.dir/inc/startup/startup_stm32l476xx.s.obj
RTC_Alarm_IRQHandler                              CMakeFiles/Staz2022_L4_Template.elf.dir/inc/startup/startup_stm32l476xx.s.obj
RTC_WKUP_IRQHandler                               CMakeFiles/Staz2022_L4_Template.elf.dir/inc/startup/startup_stm32l476xx.s.obj
Reset_Handler                                     CMakeFiles/Staz2022_L4_Template.elf.dir/inc/startup/startup_stm32l476xx.s.obj
SAI1_IRQHandler                                   CMakeFiles/Staz2022_L4_Template.elf.dir/inc/startup/startup_stm32l476xx.s.obj
SAI2_IRQHandler                                   CMakeFiles/Staz2022_L4_Template.elf.dir/inc/startup/startup_stm32l476xx.s.obj
SDMMC1_IRQHandler                                 CMakeFiles/Staz2022_L4_Template.elf.dir/inc/startup/startup_stm32l476xx.s.obj
SPI1_IRQHandler                                   CMakeFiles/Staz2022_L4_Template.elf.dir/inc/startup/startup_stm32l476xx.s.obj
SPI2_IRQHandler                                   CMakeFiles/Staz2022_L4_Template.elf.dir/inc/startup/startup_stm32l476xx.s.obj
SPI3_IRQHandler                                   CMakeFiles/Staz2022_L4_Template.elf.dir/inc/startup/startup_stm32l476xx.s.obj
SVC_Handler                                       CMakeFiles/Staz2022_L4_Template.elf.dir/inc/startup/startup_stm32l476xx.s.obj
SWPMI1_IRQHandler                                 CMakeFiles/Staz2022_L4_Template.elf.dir/inc/startup/startup_stm32l476xx.s.obj
SysTick_Handler                                   CMakeFiles/Staz2022_L4_Template.elf.dir/inc/startup/startup_stm32l476xx.s.obj
SystemCoreClock                                   CMakeFiles/Staz2022_L4_Template.elf.dir/inc/system_stm32l4xx.c.obj
SystemCoreClockUpdate                             CMakeFiles/Staz2022_L4_Template.elf.dir/inc/system_stm32l4xx.c.obj
SystemInit                                        CMakeFiles/Staz2022_L4_Template.elf.dir/inc/system_stm32l4xx.c.obj
                                                  CMakeFiles/Staz2022_L4_Template.elf.dir/inc/startup/startup_stm32l476xx.s.obj
TAMP_STAMP_IRQHandler                             CMakeFiles/Staz2022_L4_Template.elf.dir/inc/startup/startup_stm32l476xx.s.obj
TIM1_BRK_TIM15_IRQHandler                         CMakeFiles/Staz2022_L4_Template.elf.dir/inc/startup/startup_stm32l476xx.s.obj
TIM1_CC_IRQHandler                                CMakeFiles/Staz2022_L4_Template.elf.dir/inc/startup/startup_stm32l476xx.s.obj
TIM1_TRG_COM_TIM17_IRQHandler                     CMakeFiles/Staz2022_L4_Template.elf.dir/inc/startup/startup_stm32l476xx.s.obj
TIM1_UP_TIM16_IRQHandler                          CMakeFiles/Staz2022_L4_Template.elf.dir/inc/startup/startup_stm32l476xx.s.obj
TIM2_IRQHandler                                   CMakeFiles/Staz2022_L4_Template.elf.dir/inc/startup/startup_stm32l476xx.s.obj
TIM3_IRQHandler                                   CMakeFiles/Staz2022_L4_Template.elf.dir/inc/startup/startup_stm32l476xx.s.obj
TIM4_IRQHandler                                   CMakeFiles/Staz2022_L4_Template.elf.dir/inc/startup/startup_stm32l476xx.s.obj
TIM5_IRQHandler                                   CMakeFiles/Staz2022_L4_Template.elf.dir/inc/startup/startup_stm32l476xx.s.obj
TIM6_DAC_IRQHandler                               CMakeFiles/Staz2022_L4_Template.elf.dir/inc/startup/startup_stm32l476xx.s.obj
TIM7_IRQHandler                                   CMakeFiles/Staz2022_L4_Template.elf.dir/inc/startup/startup_stm32l476xx.s.obj
TIM8_BRK_IRQHandler                               CMakeFiles/Staz2022_L4_Template.elf.dir/inc/startup/startup_stm32l476xx.s.obj
TIM8_CC_IRQHandler                                CMakeFiles/Staz2022_L4_Template.elf.dir/inc/startup/startup_stm32l476xx.s.obj
TIM8_TRG_COM_IRQHandler                           CMakeFiles/Staz2022_L4_Template.elf.dir/inc/startup/startup_stm32l476xx.s.obj
TIM8_UP_IRQHandler                                CMakeFiles/Staz2022_L4_Template.elf.dir/inc/startup/startup_stm32l476xx.s.obj
TSC_IRQHandler                                    CMakeFiles/Staz2022_L4_Template.elf.dir/inc/startup/startup_stm32l476xx.s.obj
UART4_IRQHandler                                  CMakeFiles/Staz2022_L4_Template.elf.dir/inc/startup/startup_stm32l476xx.s.obj
UART5_IRQHandler                                  CMakeFiles/Staz2022_L4_Template.elf.dir/inc/startup/startup_stm32l476xx.s.obj
USART1_IRQHandler                                 CMakeFiles/Staz2022_L4_Template.elf.dir/inc/startup/startup_stm32l476xx.s.obj
USART2_IRQHandler                                 CMakeFiles/Staz2022_L4_Template.elf.dir/inc/startup/startup_stm32l476xx.s.obj
USART3_IRQHandler                                 CMakeFiles/Staz2022_L4_Template.elf.dir/inc/startup/startup_stm32l476xx.s.obj
UsageFault_Handler                                CMakeFiles/Staz2022_L4_Template.elf.dir/inc/startup/startup_stm32l476xx.s.obj
WWDG_IRQHandler                                   CMakeFiles/Staz2022_L4_Template.elf.dir/inc/startup/startup_stm32l476xx.s.obj
__bss_end__                                       c:/gnu_arm_embedded_toolchain/10_2021_10/bin/../lib/gcc/arm-none-eabi/10.3.1/../../../../arm-none-eabi/lib/thumb/v7e-m+fp/hard/crt0.o
__bss_start__                                     c:/gnu_arm_embedded_toolchain/10_2021_10/bin/../lib/gcc/arm-none-eabi/10.3.1/../../../../arm-none-eabi/lib/thumb/v7e-m+fp/hard/crt0.o
__call_exitprocs                                  c:/gnu_arm_embedded_toolchain/10_2021_10/bin/../lib/gcc/arm-none-eabi/10.3.1/../../../../arm-none-eabi/lib/thumb/v7e-m+fp/hard\libg_nano.a(lib_a-exit.o)
__deregister_frame_info                           c:/gnu_arm_embedded_toolchain/10_2021_10/bin/../lib/gcc/arm-none-eabi/10.3.1/thumb/v7e-m+fp/hard/crtbegin.o
__dso_handle                                      c:/gnu_arm_embedded_toolchain/10_2021_10/bin/../lib/gcc/arm-none-eabi/10.3.1/thumb/v7e-m+fp/hard/crtbegin.o
__init_array_end                                  c:/gnu_arm_embedded_toolchain/10_2021_10/bin/../lib/gcc/arm-none-eabi/10.3.1/../../../../arm-none-eabi/lib/thumb/v7e-m+fp/hard\libg_nano.a(lib_a-init.o)
__init_array_start                                c:/gnu_arm_embedded_toolchain/10_2021_10/bin/../lib/gcc/arm-none-eabi/10.3.1/../../../../arm-none-eabi/lib/thumb/v7e-m+fp/hard\libg_nano.a(lib_a-init.o)
__libc_fini_array                                 c:/gnu_arm_embedded_toolchain/10_2021_10/bin/../lib/gcc/arm-none-eabi/10.3.1/../../../../arm-none-eabi/lib/thumb/v7e-m+fp/hard/crt0.o
__libc_init_array                                 c:/gnu_arm_embedded_toolchain/10_2021_10/bin/../lib/gcc/arm-none-eabi/10.3.1/../../../../arm-none-eabi/lib/thumb/v7e-m+fp/hard\libg_nano.a(lib_a-init.o)
                                                  CMakeFiles/Staz2022_L4_Template.elf.dir/inc/startup/startup_stm32l476xx.s.obj
                                                  c:/gnu_arm_embedded_toolchain/10_2021_10/bin/../lib/gcc/arm-none-eabi/10.3.1/../../../../arm-none-eabi/lib/thumb/v7e-m+fp/hard/crt0.o
__preinit_array_end                               c:/gnu_arm_embedded_toolchain/10_2021_10/bin/../lib/gcc/arm-none-eabi/10.3.1/../../../../arm-none-eabi/lib/thumb/v7e-m+fp/hard\libg_nano.a(lib_a-init.o)
__preinit_array_start                             c:/gnu_arm_embedded_toolchain/10_2021_10/bin/../lib/gcc/arm-none-eabi/10.3.1/../../../../arm-none-eabi/lib/thumb/v7e-m+fp/hard\libg_nano.a(lib_a-init.o)
__register_frame_info                             c:/gnu_arm_embedded_toolchain/10_2021_10/bin/../lib/gcc/arm-none-eabi/10.3.1/thumb/v7e-m+fp/hard/crtbegin.o
__sf_fake_stderr                                  c:/gnu_arm_embedded_toolchain/10_2021_10/bin/../lib/gcc/arm-none-eabi/10.3.1/../../../../arm-none-eabi/lib/thumb/v7e-m+fp/hard\libg_nano.a(lib_a-impure.o)
__sf_fake_stdin                                   c:/gnu_arm_embedded_toolchain/10_2021_10/bin/../lib/gcc/arm-none-eabi/10.3.1/../../../../arm-none-eabi/lib/thumb/v7e-m+fp/hard\libg_nano.a(lib_a-impure.o)
__sf_fake_stdout                                  c:/gnu_arm_embedded_toolchain/10_2021_10/bin/../lib/gcc/arm-none-eabi/10.3.1/../../../../arm-none-eabi/lib/thumb/v7e-m+fp/hard\libg_nano.a(lib_a-impure.o)
__stack                                           c:/gnu_arm_embedded_toolchain/10_2021_10/bin/../lib/gcc/arm-none-eabi/10.3.1/../../../../arm-none-eabi/lib/thumb/v7e-m+fp/hard/crt0.o
_ebss                                             CMakeFiles/Staz2022_L4_Template.elf.dir/inc/startup/startup_stm32l476xx.s.obj
_edata                                            CMakeFiles/Staz2022_L4_Template.elf.dir/inc/startup/startup_stm32l476xx.s.obj
_estack                                           CMakeFiles/Staz2022_L4_Template.elf.dir/inc/startup/startup_stm32l476xx.s.obj
_exit                                             c:/gnu_arm_embedded_toolchain/10_2021_10/bin/../lib/gcc/arm-none-eabi/10.3.1/../../../../arm-none-eabi/lib/thumb/v7e-m+fp/hard\libnosys.a(_exit.o)
                                                  c:/gnu_arm_embedded_toolchain/10_2021_10/bin/../lib/gcc/arm-none-eabi/10.3.1/../../../../arm-none-eabi/lib/thumb/v7e-m+fp/hard\libg_nano.a(lib_a-exit.o)
_fini                                             c:/gnu_arm_embedded_toolchain/10_2021_10/bin/../lib/gcc/arm-none-eabi/10.3.1/thumb/v7e-m+fp/hard/crti.o
_global_impure_ptr                                c:/gnu_arm_embedded_toolchain/10_2021_10/bin/../lib/gcc/arm-none-eabi/10.3.1/../../../../arm-none-eabi/lib/thumb/v7e-m+fp/hard\libg_nano.a(lib_a-impure.o)
                                                  c:/gnu_arm_embedded_toolchain/10_2021_10/bin/../lib/gcc/arm-none-eabi/10.3.1/../../../../arm-none-eabi/lib/thumb/v7e-m+fp/hard\libg_nano.a(lib_a-exit.o)
_impure_ptr                                       c:/gnu_arm_embedded_toolchain/10_2021_10/bin/../lib/gcc/arm-none-eabi/10.3.1/../../../../arm-none-eabi/lib/thumb/v7e-m+fp/hard\libg_nano.a(lib_a-impure.o)
_init                                             c:/gnu_arm_embedded_toolchain/10_2021_10/bin/../lib/gcc/arm-none-eabi/10.3.1/thumb/v7e-m+fp/hard/crti.o
                                                  c:/gnu_arm_embedded_toolchain/10_2021_10/bin/../lib/gcc/arm-none-eabi/10.3.1/../../../../arm-none-eabi/lib/thumb/v7e-m+fp/hard\libg_nano.a(lib_a-init.o)
_mainCRTStartup                                   c:/gnu_arm_embedded_toolchain/10_2021_10/bin/../lib/gcc/arm-none-eabi/10.3.1/../../../../arm-none-eabi/lib/thumb/v7e-m+fp/hard/crt0.o
_sbss                                             CMakeFiles/Staz2022_L4_Template.elf.dir/inc/startup/startup_stm32l476xx.s.obj
_sdata                                            CMakeFiles/Staz2022_L4_Template.elf.dir/inc/startup/startup_stm32l476xx.s.obj
_sidata                                           CMakeFiles/Staz2022_L4_Template.elf.dir/inc/startup/startup_stm32l476xx.s.obj
_stack_init                                       c:/gnu_arm_embedded_toolchain/10_2021_10/bin/../lib/gcc/arm-none-eabi/10.3.1/../../../../arm-none-eabi/lib/thumb/v7e-m+fp/hard/crt0.o
_start                                            c:/gnu_arm_embedded_toolchain/10_2021_10/bin/../lib/gcc/arm-none-eabi/10.3.1/../../../../arm-none-eabi/lib/thumb/v7e-m+fp/hard/crt0.o
atexit                                            c:/gnu_arm_embedded_toolchain/10_2021_10/bin/../lib/gcc/arm-none-eabi/10.3.1/../../../../arm-none-eabi/lib/thumb/v7e-m+fp/hard/crt0.o
exit                                              c:/gnu_arm_embedded_toolchain/10_2021_10/bin/../lib/gcc/arm-none-eabi/10.3.1/../../../../arm-none-eabi/lib/thumb/v7e-m+fp/hard\libg_nano.a(lib_a-exit.o)
                                                  c:/gnu_arm_embedded_toolchain/10_2021_10/bin/../lib/gcc/arm-none-eabi/10.3.1/../../../../arm-none-eabi/lib/thumb/v7e-m+fp/hard/crt0.o
g_pfnVectors                                      CMakeFiles/Staz2022_L4_Template.elf.dir/inc/startup/startup_stm32l476xx.s.obj
hardware_init_hook                                c:/gnu_arm_embedded_toolchain/10_2021_10/bin/../lib/gcc/arm-none-eabi/10.3.1/../../../../arm-none-eabi/lib/thumb/v7e-m+fp/hard/crt0.o
main                                              CMakeFiles/Staz2022_L4_Template.elf.dir/main.c.obj
                                                  CMakeFiles/Staz2022_L4_Template.elf.dir/inc/startup/startup_stm32l476xx.s.obj
                                                  c:/gnu_arm_embedded_toolchain/10_2021_10/bin/../lib/gcc/arm-none-eabi/10.3.1/../../../../arm-none-eabi/lib/thumb/v7e-m+fp/hard/crt0.o
memset                                            c:/gnu_arm_embedded_toolchain/10_2021_10/bin/../lib/gcc/arm-none-eabi/10.3.1/../../../../arm-none-eabi/lib/thumb/v7e-m+fp/hard\libg_nano.a(lib_a-memset.o)
                                                  c:/gnu_arm_embedded_toolchain/10_2021_10/bin/../lib/gcc/arm-none-eabi/10.3.1/../../../../arm-none-eabi/lib/thumb/v7e-m+fp/hard/crt0.o
my_lib_get_value                                  ../src/libMy_library.a(my_lib.c.obj)
                                                  CMakeFiles/Staz2022_L4_Template.elf.dir/main.c.obj
software_init_hook                                c:/gnu_arm_embedded_toolchain/10_2021_10/bin/../lib/gcc/arm-none-eabi/10.3.1/../../../../arm-none-eabi/lib/thumb/v7e-m+fp/hard/crt0.o
